Building macOS application...                                   
ld: warning: ignoring duplicate libraries: '-lc++'
ld: warning: ignoring duplicate libraries: '-lc++'
ld: warning: ignoring duplicate libraries: '-lc++'
ld: warning: ignoring duplicate libraries: '-lc++'
ld: warning: ignoring duplicate libraries: '-lc++'
ld: warning: ignoring duplicate libraries: '-lc++'
